[INFO] Scanning for projects...
[INFO] 
[INFO] ------------------< com.jingdui:competition-platform >------------------
[INFO] Building competition-platform 1.0.0
[INFO]   from pom.xml
[INFO] --------------------------------[ jar ]---------------------------------
[INFO] 
[INFO] >>> spring-boot:3.3.0:run (default-cli) > test-compile @ competition-platform >>>
[INFO] 
[INFO] --- resources:3.3.1:resources (default-resources) @ competition-platform ---
[INFO] Copying 2 resources from src\main\resources to target\classes
[INFO] Copying 1 resource from src\main\resources to target\classes
[INFO] 
[INFO] --- compiler:3.13.0:compile (default-compile) @ competition-platform ---
[INFO] Recompiling the module because of changed source code.
[INFO] Compiling 42 source files with javac [debug parameters release 17] to target\classes
[INFO] 
[INFO] --- resources:3.3.1:testResources (default-testResources) @ competition-platform ---
[INFO] skip non existing resourceDirectory D:\competition-platform\competition-backend\src\test\resources
[INFO] 
[INFO] --- compiler:3.13.0:testCompile (default-testCompile) @ competition-platform ---
[INFO] Recompiling the module because of changed dependency.
[INFO] Compiling 1 source file with javac [debug parameters release 17] to target\test-classes
[INFO] 
[INFO] <<< spring-boot:3.3.0:run (default-cli) < test-compile @ competition-platform <<<
[INFO] 
[INFO] 
[INFO] --- spring-boot:3.3.0:run (default-cli) @ competition-platform ---
[INFO] Attaching agents: []
  .   ____          _            __ _ _
 /\\ / ___'_ __ _ _(_)_ __  __ _ \ \ \ \
( ( )\___ | '_ | '_| | '_ \/ _` | \ \ \ \
 \\/  ___)| |_)| | | | | || (_| |  ) ) ) )
  '  |____| .__|_| |_|_| |_\__, | / / / /
 =========|_|==============|___/=/_/_/_/

 :: Spring Boot ::                (v3.3.0)

2026-08-10T01:06:56.536+08:00  INFO 46860 --- [           main] c.j.CompetitionPlatformApplication       : Starting CompetitionPlatformApplication using Java 17.0.20 with PID 46860 (D:\competition-platform\competition-backend\target\classes started by FPTY1 in D:\competition-platform\competition-backend)
2026-08-10T01:06:56.537+08:00 DEBUG 46860 --- [           main] c.j.CompetitionPlatformApplication       : Running with Spring Boot v3.3.0, Spring v6.1.8
2026-08-10T01:06:56.538+08:00  INFO 46860 --- [           main] c.j.CompetitionPlatformApplication       : No active profile set, falling back to 1 default profile: "default"
2026-08-10T01:06:57.533+08:00  INFO 46860 --- [           main] o.s.b.w.embedded.tomcat.TomcatWebServer  : Tomcat initialized with port 8080 (http)
2026-08-10T01:06:57.535+08:00  INFO 46860 --- [           main] o.a.catalina.core.AprLifecycleListener   : An older version [1.3.1] of the Apache Tomcat Native library is installed, while Tomcat recommends a minimum version of [2.0.5]
2026-08-10T01:06:57.535+08:00  INFO 46860 --- [           main] o.a.catalina.core.AprLifecycleListener   : Loaded Apache Tomcat Native library [1.3.1] using APR version [1.7.4].
2026-08-10T01:06:57.555+08:00  INFO 46860 --- [           main] o.a.catalina.core.AprLifecycleListener   : OpenSSL successfully initialized [OpenSSL 3.0.14 4 Jun 2024]
2026-08-10T01:06:57.568+08:00  INFO 46860 --- [           main] o.apache.catalina.core.StandardService   : Starting service [Tomcat]
2026-08-10T01:06:57.568+08:00  INFO 46860 --- [           main] o.apache.catalina.core.StandardEngine    : Starting Servlet engine: [Apache Tomcat/10.1.24]
2026-08-10T01:06:57.640+08:00  INFO 46860 --- [           main] o.a.c.c.C.[Tomcat].[localhost].[/]       : Initializing Spring embedded WebApplicationContext
2026-08-10T01:06:57.640+08:00  INFO 46860 --- [           main] w.s.c.ServletWebServerApplicationContext : Root WebApplicationContext: initialization completed in 1068 ms
2026-08-10T01:06:57.680+08:00  INFO 46860 --- [           main] com.zaxxer.hikari.HikariDataSource       : HikariPool-1 - Starting...
2026-08-10T01:06:57.862+08:00  INFO 46860 --- [           main] com.zaxxer.hikari.pool.HikariPool        : HikariPool-1 - Added connection conn0: url=jdbc:h2:mem:jingdui user=SA
2026-08-10T01:06:57.863+08:00  INFO 46860 --- [           main] com.zaxxer.hikari.HikariDataSource       : HikariPool-1 - Start completed.
2026-08-10T01:06:57.870+08:00  INFO 46860 --- [           main] o.s.b.a.h2.H2ConsoleAutoConfiguration    : H2 console available at '/h2-console'. Database available at 'jdbc:h2:mem:jingdui'
Logging initialized using 'class org.apache.ibatis.logging.stdout.StdOutImpl' adapter.
Get /192.168.100.1 network interface 
Get network interface info: name:eth6 (VMware Virtual Ethernet Adapter for VMnet8)
Initialization Sequence datacenterId:0 workerId:0
 _ _   |_  _ _|_. ___ _ |    _ 
| | |\/|_)(_| | |_\  |_)||_|_\ 
     /               |         
                        3.5.7 
2026-08-10T01:06:58.940+08:00  INFO 46860 --- [           main] o.s.b.w.embedded.tomcat.TomcatWebServer  : Tomcat started on port 8080 (http) with context path '/'
2026-08-10T01:06:58.946+08:00  INFO 46860 --- [           main] c.j.CompetitionPlatformApplication       : Started CompetitionPlatformApplication in 2.762 seconds (process running for 3.095)
Creating a new SqlSession
SqlSession [org.apache.ibatis.session.defaults.DefaultSqlSession@14dbfdb1] was not registered for synchronization because synchronization is not active
JDBC Connection [HikariProxyConnection@1894686001 wrapping conn0: url=jdbc:h2:mem:jingdui user=SA] will not be managed by Spring
==>  Preparing: SELECT COUNT( * ) AS total FROM users
==> Parameters: 
<==    Columns: TOTAL
<==        Row: 0
<==      Total: 1
Closing non transactional SqlSession [org.apache.ibatis.session.defaults.DefaultSqlSession@14dbfdb1]
Creating a new SqlSession
SqlSession [org.apache.ibatis.session.defaults.DefaultSqlSession@24b3f778] was not registered for synchronization because synchronization is not active
JDBC Connection [HikariProxyConnection@114499348 wrapping conn0: url=jdbc:h2:mem:jingdui user=SA] will not be managed by Spring
==>  Preparing: INSERT INTO users ( name, password_hash, school, major, grade, bio, skills, created_at ) VALUES ( ?, ?, ?, ?, ?, ?, ?, ? )
==> Parameters: 张三(String), $2a$10$G372IWPIlk12t8gtjBwjye1iJvQ/8s6jT8MLkkVKh/cHux7AZqz.2(String), 清华大学(String), 计算机科学与技术(String), 大三(String), 热爱编程，参加过多次算法竞赛，喜欢钻研技术。(String), Java,Python,算法(String), 2026-08-10T01:06:59.080258600(LocalDateTime)
<==    Updates: 1
Closing non transactional SqlSession [org.apache.ibatis.session.defaults.DefaultSqlSession@24b3f778]
Creating a new SqlSession
SqlSession [org.apache.ibatis.session.defaults.DefaultSqlSession@39b85a73] was not registered for synchronization because synchronization is not active
JDBC Connection [HikariProxyConnection@1468559919 wrapping conn0: url=jdbc:h2:mem:jingdui user=SA] will not be managed by Spring
==>  Preparing: INSERT INTO users ( name, password_hash, school, major, grade, bio, skills, created_at ) VALUES ( ?, ?, ?, ?, ?, ?, ?, ? )
==> Parameters: 李四(String), $2a$10$G372IWPIlk12t8gtjBwjye1iJvQ/8s6jT8MLkkVKh/cHux7AZqz.2(String), 北京大学(String), 软件工程(String), 大二(String), 擅长前端开发和UI设计，对用户体验有独到见解。(String), 前端开发,UI设计,Vue.js,React(String), 2026-08-10T01:06:59.080258600(LocalDateTime)
<==    Updates: 1
Closing non transactional SqlSession [org.apache.ibatis.session.defaults.DefaultSqlSession@39b85a73]
Creating a new SqlSession
SqlSession [org.apache.ibatis.session.defaults.DefaultSqlSession@7a730479] was not registered for synchronization because synchronization is not active
JDBC Connection [HikariProxyConnection@509293541 wrapping conn0: url=jdbc:h2:mem:jingdui user=SA] will not be managed by Spring
==>  Preparing: INSERT INTO users ( name, password_hash, school, major, grade, bio, skills, created_at ) VALUES ( ?, ?, ?, ?, ?, ?, ?, ? )
==> Parameters: 王五(String), $2a$10$G372IWPIlk12t8gtjBwjye1iJvQ/8s6jT8MLkkVKh/cHux7AZqz.2(String), 复旦大学(String), 数学与应用数学(String), 大四(String), 数学系学霸，多次获得数学建模奖项，擅长数据分析和论文写作。(String), 数据分析,数学建模,MATLAB,Python(String), 2026-08-10T01:06:59.080258600(LocalDateTime)
<==    Updates: 1
Closing non transactional SqlSession [org.apache.ibatis.session.defaults.DefaultSqlSession@7a730479]
2026-08-10T01:06:59.094+08:00  INFO 46860 --- [           main] com.jingdui.config.DataInitializer       : 已插入 3 个用户（默认密码: 123456）
Creating a new SqlSession
SqlSession [org.apache.ibatis.session.defaults.DefaultSqlSession@4e85dcb2] was not registered for synchronization because synchronization is not active
JDBC Connection [HikariProxyConnection@28478719 wrapping conn0: url=jdbc:h2:mem:jingdui user=SA] will not be managed by Spring
==>  Preparing: INSERT INTO competitions ( id, title, category, level, organizer, deadline, event_date, location, min_team_size, max_team_size, description, website, prize, created_at ) VALUES ( ?, ?, ?, ?, ?, ?, ?, ?, ?, ?, ?, ?, ?, ? )
==> Parameters: 1(Long), 全国大学生数学建模竞赛(String), 数学建模(String), 国家级(String), 中国工业与应用数学学会(String), 2026-09-15(LocalDate), 2026-09-20(LocalDate), 线上+线下(String), 3(Integer), 3(Integer), 全国大学生数学建模竞赛创办于1992年，每年一届，是首批列入"高校学科竞赛排行榜"的19项竞赛之一。竞赛面向全国大专院校的学生，旨在培养学生的创新意识、团队精神和运用数学方法解决实际问题的能力。(String), http://www.mcm.edu.cn(String), 国奖、省奖(String), 2026-08-10T01:06:59.080258600(LocalDateTime)
<==    Updates: 1
Closing non transactional SqlSession [org.apache.ibatis.session.defaults.DefaultSqlSession@4e85dcb2]
Creating a new SqlSession
SqlSession [org.apache.ibatis.session.defaults.DefaultSqlSession@6bfdaa7a] was not registered for synchronization because synchronization is not active
JDBC Connection [HikariProxyConnection@2117932686 wrapping conn0: url=jdbc:h2:mem:jingdui user=SA] will not be managed by Spring
==>  Preparing: INSERT INTO competitions ( id, title, category, level, organizer, deadline, event_date, location, min_team_size, max_team_size, description, website, prize, created_at ) VALUES ( ?, ?, ?, ?, ?, ?, ?, ?, ?, ?, ?, ?, ?, ? )
==> Parameters: 2(Long), ACM-ICPC 国际大学生程序设计竞赛(String), 编程算法(String), 国际级(String), ACM 协会(String), 2026-10-10(LocalDate), 2026-11-15(LocalDate), 线上初赛+线下区域赛(String), 3(Integer), 3(Integer), ACM-ICPC 是世界上公认的规模最大、水平最高的国际大学生程序设计竞赛，旨在展示大学生在压力下编写程序、分析和解决问题的能力。每年有来自全球数千所大学的队伍参赛，被誉为"编程界的奥林匹克"。(String), https://icpc.global(String), 金牌、银牌、铜牌(String), 2026-08-10T01:06:59.080258600(LocalDateTime)
<==    Updates: 1
Closing non transactional SqlSession [org.apache.ibatis.session.defaults.DefaultSqlSession@6bfdaa7a]
Creating a new SqlSession
SqlSession [org.apache.ibatis.session.defaults.DefaultSqlSession@149b53fa] was not registered for synchronization because synchronization is not active
JDBC Connection [HikariProxyConnection@1941851357 wrapping conn0: url=jdbc:h2:mem:jingdui user=SA] will not be managed by Spring
==>  Preparing: INSERT INTO competitions ( id, title, category, level, organizer, deadline, event_date, location, min_team_size, max_team_size, description, website, prize, created_at ) VALUES ( ?, ?, ?, ?, ?, ?, ?, ?, ?, ?, ?, ?, ?, ? )
==> Parameters: 3(Long), 全国大学生电子设计竞赛(String), 电子设计(String), 国家级(String), 教育部高等教育司(String), 2026-08-30(LocalDate), 2026-09-10(LocalDate), 各省赛区(String), 3(Integer), 3(Integer), 全国大学生电子设计竞赛是教育部倡导的四大学科竞赛之一，旨在培养大学生的实践创新意识与团队协作精神。竞赛内容涵盖模拟电路、数字电路、嵌入式系统等多个方向，是电子信息类专业含金量最高的赛事之一。(String), https://www.nuedc.org(String), 国奖、省奖(String), 2026-08-10T01:06:59.080258600(LocalDateTime)
<==    Updates: 1
Closing non transactional SqlSession [org.apache.ibatis.session.defaults.DefaultSqlSession@149b53fa]
Creating a new SqlSession
SqlSession [org.apache.ibatis.session.defaults.DefaultSqlSession@751686aa] was not registered for synchronization because synchronization is not active
JDBC Connection [HikariProxyConnection@1669953504 wrapping conn0: url=jdbc:h2:mem:jingdui user=SA] will not be managed by Spring
==>  Preparing: INSERT INTO competitions ( id, title, category, level, organizer, deadline, event_date, location, min_team_size, max_team_size, description, website, prize, created_at ) VALUES ( ?, ?, ?, ?, ?, ?, ?, ?, ?, ?, ?, ?, ?, ? )
==> Parameters: 4(Long), RoboMaster 机甲大师赛(String), 机器人(String), 国家级(String), 大疆创新科技有限公司(String), 2026-12-01(LocalDate), 2027-03-15(LocalDate), 深圳(String), 5(Integer), 8(Integer), RoboMaster 机甲大师赛是由大疆创新发起并承办的全球性机器人赛事，融合了机器视觉、嵌入式系统设计、机械控制等多学科技术。比赛采用对抗形式，参赛队伍需自主研发全自动和半自动机器人进行对战。(String), https://www.robomaster.com(String), 冠亚季军、分项奖(String), 2026-08-10T01:06:59.080258600(LocalDateTime)
<==    Updates: 1
Closing non transactional SqlSession [org.apache.ibatis.session.defaults.DefaultSqlSession@751686aa]
Creating a new SqlSession
SqlSession [org.apache.ibatis.session.defaults.DefaultSqlSession@2dc3ece8] was not registered for synchronization because synchronization is not active
JDBC Connection [HikariProxyConnection@739935529 wrapping conn0: url=jdbc:h2:mem:jingdui user=SA] will not be managed by Spring
==>  Preparing: INSERT INTO competitions ( id, title, category, level, organizer, deadline, event_date, location, min_team_size, max_team_size, description, website, prize, created_at ) VALUES ( ?, ?, ?, ?, ?, ?, ?, ?, ?, ?, ?, ?, ?, ? )
==> Parameters: 5(Long), "外研社杯"全国英语演讲大赛(String), 语言文学(String), 国家级(String), 外语教学与研究出版社(String), 2026-11-20(LocalDate), 2026-12-10(LocalDate), 北京(String), 1(Integer), 1(Integer), "外研社杯"全国英语演讲大赛是国内规模最大、权威性最高的英语演讲赛事之一。大赛以"讲好中国故事"为主题，考察选手的英语表达能力、逻辑思维能力和跨文化交际能力，是英语专业和非英语专业学生展示自我的绝佳平台。(String), https://www.fltrp.com(String), 特等奖、一等奖、二等奖、三等奖(String), 2026-08-10T01:06:59.080258600(LocalDateTime)
<==    Updates: 1
Closing non transactional SqlSession [org.apache.ibatis.session.defaults.DefaultSqlSession@2dc3ece8]
Creating a new SqlSession
SqlSession [org.apache.ibatis.session.defaults.DefaultSqlSession@77f03916] was not registered for synchronization because synchronization is not active
JDBC Connection [HikariProxyConnection@1982703147 wrapping conn0: url=jdbc:h2:mem:jingdui user=SA] will not be managed by Spring
==>  Preparing: INSERT INTO competitions ( id, title, category, level, organizer, deadline, event_date, location, min_team_size, max_team_size, description, website, prize, created_at ) VALUES ( ?, ?, ?, ?, ?, ?, ?, ?, ?, ?, ?, ?, ?, ? )
==> Parameters: 6(Long), 全国大学生信息安全竞赛(String), 信息安全(String), 国家级(String), 教育部高等学校网络空间安全专业教学指导委员会(String), 2026-09-05(LocalDate), 2026-10-15(LocalDate), 线上CTF(String), 3(Integer), 4(Integer), 全国大学生信息安全竞赛旨在培养、选拔、推荐优秀信息安全专业人才，促进高等学校信息安全专业课程体系改革。竞赛以CTF夺旗赛为主要形式，涵盖Web安全、二进制安全、密码学、逆向工程等多个方向。(String), https://www.ciscn.cn(String), 一等奖、二等奖、三等奖(String), 2026-08-10T01:06:59.080258600(LocalDateTime)
<==    Updates: 1
Closing non transactional SqlSession [org.apache.ibatis.session.defaults.DefaultSqlSession@77f03916]
Creating a new SqlSession
SqlSession [org.apache.ibatis.session.defaults.DefaultSqlSession@e5c5e6] was not registered for synchronization because synchronization is not active
JDBC Connection [HikariProxyConnection@1994143461 wrapping conn0: url=jdbc:h2:mem:jingdui user=SA] will not be managed by Spring
==>  Preparing: INSERT INTO competitions ( id, title, category, level, organizer, deadline, event_date, location, min_team_size, max_team_size, description, website, prize, created_at ) VALUES ( ?, ?, ?, ?, ?, ?, ?, ?, ?, ?, ?, ?, ?, ? )
==> Parameters: 7(Long), 全国大学生智能硬件设计大赛(String), 智能硬件(String), 国家级(String), 工业和信息化部人才交流中心(String), 2026-10-20(LocalDate), 2026-11-20(LocalDate), 北京(String), 3(Integer), 5(Integer), 全国大学生智能硬件设计大赛面向全国高校本科及研究生，聚焦智能硬件产品的设计与开发。参赛者需完成从需求分析到软硬件协同设计再到成品展示的全流程，优秀作品将获得孵化支持与产业对接机会。(String), https://www.smart-hardware.cn(String), 国奖、省奖(String), 2026-08-10T01:06:59.080258600(LocalDateTime)
<==    Updates: 1
Closing non transactional SqlSession [org.apache.ibatis.session.defaults.DefaultSqlSession@e5c5e6]
Creating a new SqlSession
SqlSession [org.apache.ibatis.session.defaults.DefaultSqlSession@2a54c92e] was not registered for synchronization because synchronization is not active
JDBC Connection [HikariProxyConnection@743752855 wrapping conn0: url=jdbc:h2:mem:jingdui user=SA] will not be managed by Spring
==>  Preparing: INSERT INTO competitions ( id, title, category, level, organizer, deadline, event_date, location, min_team_size, max_team_size, description, website, prize, created_at ) VALUES ( ?, ?, ?, ?, ?, ?, ?, ?, ?, ?, ?, ?, ?, ? )
==> Parameters: 8(Long), 中国大学生计算机设计大赛(String), 计算机设计(String), 国家级(String), 教育部高等学校计算机类专业教学指导委员会(String), 2026-08-15(LocalDate), 2026-09-20(LocalDate), 线上评审(String), 1(Integer), 3(Integer), 中国大学生计算机设计大赛是面向全国高校本科生的计算机类权威赛事，涵盖软件应用开发、微课与教学辅助、物联网应用、大数据应用、人工智能应用、数字媒体设计等多个类别，旨在培养大学生的创新能力和实践能力。(String), https://www.cccc.edu.cn(String), 一等奖、二等奖、三等奖(String), 2026-08-10T01:06:59.080258600(LocalDateTime)
<==    Updates: 1
Closing non transactional SqlSession [org.apache.ibatis.session.defaults.DefaultSqlSession@2a54c92e]
Creating a new SqlSession
SqlSession [org.apache.ibatis.session.defaults.DefaultSqlSession@a44effb] was not registered for synchronization because synchronization is not active
JDBC Connection [HikariProxyConnection@4121176 wrapping conn0: url=jdbc:h2:mem:jingdui user=SA] will not be managed by Spring
==>  Preparing: INSERT INTO competitions ( id, title, category, level, organizer, deadline, event_date, location, min_team_size, max_team_size, description, website, prize, created_at ) VALUES ( ?, ?, ?, ?, ?, ?, ?, ?, ?, ?, ?, ?, ?, ? )
==> Parameters: 9(Long), "互联网+"大学生创新创业大赛(String), 创新创业(String), 国家级(String), 教育部(String), 2026-12-15(LocalDate), 2027-03-01(LocalDate), 线上评审+线下路演(String), 1(Integer), 10(Integer), "互联网+"大学生创新创业大赛是国内规模最大、影响力最广的大学生创新创业赛事，覆盖全国所有高校。大赛以"互联网+"为主题，鼓励学生将互联网技术与传统行业深度融合，推动高校创新创业教育改革。(String), https://cy.ncss.cn(String), 金奖、银奖、铜奖(String), 2026-08-10T01:06:59.080258600(LocalDateTime)
<==    Updates: 1
Closing non transactional SqlSession [org.apache.ibatis.session.defaults.DefaultSqlSession@a44effb]
Creating a new SqlSession
SqlSession [org.apache.ibatis.session.defaults.DefaultSqlSession@4f676900] was not registered for synchronization because synchronization is not active
JDBC Connection [HikariProxyConnection@1940166039 wrapping conn0: url=jdbc:h2:mem:jingdui user=SA] will not be managed by Spring
==>  Preparing: INSERT INTO competitions ( id, title, category, level, organizer, deadline, event_date, location, min_team_size, max_team_size, description, website, prize, created_at ) VALUES ( ?, ?, ?, ?, ?, ?, ?, ?, ?, ?, ?, ?, ?, ? )
==> Parameters: 10(Long), 全国大学生广告艺术大赛(String), 设计传媒(String), 国家级(String), 中国高等教育学会(String), 2026-11-01(LocalDate), 2026-12-05(LocalDate), 线上评审(String), 1(Integer), 5(Integer), 全国大学生广告艺术大赛（大广赛）是规模大、覆盖面广、参与师生人数多、作品水准高的全国性高校文科竞赛。大赛涵盖平面广告、视频广告、广播广告、互动广告等多个类别，是广告与传媒方向最具代表性的赛事。(String), https://www.daguangsai.com(String), 一等奖、二等奖、三等奖及优秀奖(String), 2026-08-10T01:06:59.080258600(LocalDateTime)
<==    Updates: 1
Closing non transactional SqlSession [org.apache.ibatis.session.defaults.DefaultSqlSession@4f676900]
Creating a new SqlSession
SqlSession [org.apache.ibatis.session.defaults.DefaultSqlSession@5eb2972f] was not registered for synchronization because synchronization is not active
JDBC Connection [HikariProxyConnection@694784643 wrapping conn0: url=jdbc:h2:mem:jingdui user=SA] will not be managed by Spring
==>  Preparing: INSERT INTO competitions ( id, title, category, level, organizer, deadline, event_date, location, min_team_size, max_team_size, description, website, prize, created_at ) VALUES ( ?, ?, ?, ?, ?, ?, ?, ?, ?, ?, ?, ?, ?, ? )
==> Parameters: 11(Long), 全国大学生数学竞赛(String), 数学建模(String), 国家级(String), 中国数学会(String), 2026-10-25(LocalDate), 2026-11-20(LocalDate), 各高校(String), 1(Integer), 1(Integer), 全国大学生数学竞赛是中国数学会主办的面向本科生的全国性高水平学科竞赛。竞赛分为数学专业组和非数学专业组，考察内容包括高等数学、线性代数、概率论等核心数学知识，旨在培养大学生的数学素养和逻辑思维能力。(String), https://www.cms.org.cn(String), 一等奖、二等奖、三等奖(String), 2026-08-10T01:06:59.080258600(LocalDateTime)
<==    Updates: 1
Closing non transactional SqlSession [org.apache.ibatis.session.defaults.DefaultSqlSession@5eb2972f]
Creating a new SqlSession
SqlSession [org.apache.ibatis.session.defaults.DefaultSqlSession@6ec3a4c2] was not registered for synchronization because synchronization is not active
JDBC Connection [HikariProxyConnection@762541694 wrapping conn0: url=jdbc:h2:mem:jingdui user=SA] will not be managed by Spring
==>  Preparing: INSERT INTO competitions ( id, title, category, level, organizer, deadline, event_date, location, min_team_size, max_team_size, description, website, prize, created_at ) VALUES ( ?, ?, ?, ?, ?, ?, ?, ?, ?, ?, ?, ?, ?, ? )
==> Parameters: 12(Long), 全国大学生机器人大赛(String), 机器人(String), 国家级(String), 共青团中央(String), 2026-09-25(LocalDate), 2026-11-10(LocalDate), 北京(String), 3(Integer), 6(Integer), 全国大学生机器人大赛（ROBOCON）是国内最具影响力的机器人赛事之一，采用年度主题赛制，每年发布不同的竞赛任务。参赛队伍需自主设计制造机器人完成指定任务，全面考察机械、电子、控制、算法等多方面的综合能力。(String), https://www.cnrobocon.org(String), 冠亚季军、最佳技术奖(String), 2026-08-10T01:06:59.080258600(LocalDateTime)
<==    Updates: 1
Closing non transactional SqlSession [org.apache.ibatis.session.defaults.DefaultSqlSession@6ec3a4c2]
2026-08-10T01:06:59.125+08:00  INFO 46860 --- [           main] com.jingdui.config.DataInitializer       : 已插入 12 条竞赛数据
Creating a new SqlSession
SqlSession [org.apache.ibatis.session.defaults.DefaultSqlSession@6cd66f6a] was not registered for synchronization because synchronization is not active
JDBC Connection [HikariProxyConnection@287303969 wrapping conn0: url=jdbc:h2:mem:jingdui user=SA] will not be managed by Spring
==>  Preparing: INSERT INTO team_posts ( id, competition_id, author_id, title, description, required_skills, contact, deadline, need_count, current_count, status, created_at ) VALUES ( ?, ?, ?, ?, ?, ?, ?, ?, ?, ?, ?, ? )
==> Parameters: 1(Long), 1(Long), 3(Long), 求2名数学建模队友，冲击国奖！(String), 本人数学系大四，有两次数学建模参赛经验，擅长建模与算法，获得过省一等奖。今年目标冲击国奖，寻擅长编程（MATLAB/Python）或论文写作的同学一起参赛。要求认真负责、有团队精神，拒绝划水。(String), MATLAB,Python,算法,论文写作(String), 微信: wangwu_math(String), 2026-09-10(LocalDate), 2(Integer), 1(Integer), 0(Integer), 2026-08-10T01:06:59.080258600(LocalDateTime)
<==    Updates: 1
Closing non transactional SqlSession [org.apache.ibatis.session.defaults.DefaultSqlSession@6cd66f6a]
Creating a new SqlSession
SqlSession [org.apache.ibatis.session.defaults.DefaultSqlSession@39afe59f] was not registered for synchronization because synchronization is not active
JDBC Connection [HikariProxyConnection@385041270 wrapping conn0: url=jdbc:h2:mem:jingdui user=SA] will not be managed by Spring
==>  Preparing: INSERT INTO team_posts ( id, competition_id, author_id, title, description, required_skills, contact, deadline, need_count, current_count, status, created_at ) VALUES ( ?, ?, ?, ?, ?, ?, ?, ?, ?, ?, ?, ? )
==> Parameters: 2(Long), 2(Long), 1(Long), ACM参赛队寻找第三名队友(String), 我们队伍已有两人，分别是Codeforces Expert水平（1800+）和Master水平（2100+），均来自清华计算机系。现寻第三名队友，要求Codeforces 1700以上，擅长图论或动态规划方向，目标区域赛金牌。每周固定集训3次，时间充裕者优先。(String), C++,算法,数据结构,图论(String), QQ: 123456789(String), 2026-10-05(LocalDate), 1(Integer), 2(Integer), 0(Integer), 2026-08-10T01:06:59.080258600(LocalDateTime)
<==    Updates: 1
Closing non transactional SqlSession [org.apache.ibatis.session.defaults.DefaultSqlSession@39afe59f]
Creating a new SqlSession
SqlSession [org.apache.ibatis.session.defaults.DefaultSqlSession@4272d8cf] was not registered for synchronization because synchronization is not active
JDBC Connection [HikariProxyConnection@1318505220 wrapping conn0: url=jdbc:h2:mem:jingdui user=SA] will not be managed by Spring
==>  Preparing: INSERT INTO team_posts ( id, competition_id, author_id, title, description, required_skills, contact, deadline, need_count, current_count, status, created_at ) VALUES ( ?, ?, ?, ?, ?, ?, ?, ?, ?, ?, ?, ? )
==> Parameters: 3(Long), 4(Long), 2(Long), RoboMaster战队招募视觉算法成员(String), 我校战队"鲲鹏"连续三年入围全国赛，今年目标是冲击八强。视觉组目前3人，还需补充2名精通计算机视觉的成员。要求：熟悉OpenCV和深度学习框架，有目标检测或图像分割项目经验，每周至少能投入15小时。(String), OpenCV,Python,深度学习,目标检测,ROS(String), 微信: rm_vision_2026(String), 2026-11-20(LocalDate), 2(Integer), 3(Integer), 0(Integer), 2026-08-10T01:06:59.080258600(LocalDateTime)
<==    Updates: 1
Closing non transactional SqlSession [org.apache.ibatis.session.defaults.DefaultSqlSession@4272d8cf]
Creating a new SqlSession
SqlSession [org.apache.ibatis.session.defaults.DefaultSqlSession@70ecf57b] was not registered for synchronization because synchronization is not active
JDBC Connection [HikariProxyConnection@1314088099 wrapping conn0: url=jdbc:h2:mem:jingdui user=SA] will not be managed by Spring
==>  Preparing: INSERT INTO team_posts ( id, competition_id, author_id, title, description, required_skills, contact, deadline, need_count, current_count, status, created_at ) VALUES ( ?, ?, ?, ?, ?, ?, ?, ?, ?, ?, ?, ? )
==> Parameters: 4(Long), 1(Long), 2(Long), 新手求带！数学建模组队(String), 大二软件工程专业，擅长Python编程和数据处理，有Vue.js前端开发经验，可以为队伍搭建数据可视化平台。今年第一次参加数学建模竞赛，希望找有经验的队友一起学习进步！态度认真，不拖后腿。(String), Python,数据分析,Vue.js,MATLAB(String), 微信: lisi_frontend(String), 2026-09-05(LocalDate), 2(Integer), 1(Integer), 0(Integer), 2026-08-10T01:06:59.080258600(LocalDateTime)
<==    Updates: 1
Closing non transactional SqlSession [org.apache.ibatis.session.defaults.DefaultSqlSession@70ecf57b]
Creating a new SqlSession
SqlSession [org.apache.ibatis.session.defaults.DefaultSqlSession@1a336906] was not registered for synchronization because synchronization is not active
JDBC Connection [HikariProxyConnection@1644515247 wrapping conn0: url=jdbc:h2:mem:jingdui user=SA] will not be managed by Spring
==>  Preparing: INSERT INTO team_posts ( id, competition_id, author_id, title, description, required_skills, contact, deadline, need_count, current_count, status, created_at ) VALUES ( ?, ?, ?, ?, ?, ?, ?, ?, ?, ?, ?, ? )
==> Parameters: 5(Long), 9(Long), 1(Long), 互联网+项目招募：AI智能学习助手(String), 我们的项目"智学助手"已进入开发阶段——基于大语言模型的个性化学习系统，能根据学生的学习情况自动定制学习计划并生成练习题。已有投资人表达意向。现有后端和算法各1人，诚招前端（React/小程序）和UI设计师各1名。(String), React,小程序开发,UI设计,Node.js(String), 邮箱: zhangsan@tsinghua.edu.cn(String), 2026-12-10(LocalDate), 2(Integer), 2(Integer), 0(Integer), 2026-08-10T01:06:59.080258600(LocalDateTime)
<==    Updates: 1
Closing non transactional SqlSession [org.apache.ibatis.session.defaults.DefaultSqlSession@1a336906]
Creating a new SqlSession
SqlSession [org.apache.ibatis.session.defaults.DefaultSqlSession@75d539b9] was not registered for synchronization because synchronization is not active
JDBC Connection [HikariProxyConnection@154128529 wrapping conn0: url=jdbc:h2:mem:jingdui user=SA] will not be managed by Spring
==>  Preparing: INSERT INTO team_posts ( id, competition_id, author_id, title, description, required_skills, contact, deadline, need_count, current_count, status, created_at ) VALUES ( ?, ?, ?, ?, ?, ?, ?, ?, ?, ?, ?, ? )
==> Parameters: 6(Long), 3(Long), 2(Long), 电赛团队招募硬件方向同学(String), 本人熟练STM32和嵌入式C开发，有电赛经验（去年省二等奖）。今年寻擅长模拟电路设计或FPGA开发的同学组队。要求能独立完成电路设计、PCB绘制和调试，比赛期间能全天投入。(String), STM32,模拟电路,PCB设计,FPGA,嵌入式C(String), 微信: lisi_hardware(String), 2026-08-25(LocalDate), 2(Integer), 1(Integer), 0(Integer), 2026-08-10T01:06:59.080258600(LocalDateTime)
<==    Updates: 1
Closing non transactional SqlSession [org.apache.ibatis.session.defaults.DefaultSqlSession@75d539b9]
Creating a new SqlSession
SqlSession [org.apache.ibatis.session.defaults.DefaultSqlSession@6b0325d0] was not registered for synchronization because synchronization is not active
JDBC Connection [HikariProxyConnection@117717443 wrapping conn0: url=jdbc:h2:mem:jingdui user=SA] will not be managed by Spring
==>  Preparing: INSERT INTO team_posts ( id, competition_id, author_id, title, description, required_skills, contact, deadline, need_count, current_count, status, created_at ) VALUES ( ?, ?, ?, ?, ?, ?, ?, ?, ?, ?, ?, ? )
==> Parameters: 7(Long), 6(Long), 3(Long), CTF战队招募Web安全方向(String), 我们战队"0xFLAG"去年获国赛二等奖，今年目标冲击一等奖。目前Web方向人手不足，寻一名擅长Web安全的同学加入。要求：熟悉SQL注入、XSS、CSRF等常见漏洞利用，了解Java/PHP代码审计，有CTF参赛经验优先。每周有内部培训和模拟赛。(String), Web安全,SQL注入,代码审计,Python,BurpSuite(String), QQ群: 99988877(String), 2026-09-01(LocalDate), 1(Integer), 2(Integer), 0(Integer), 2026-08-10T01:06:59.080258600(LocalDateTime)
<==    Updates: 1
Closing non transactional SqlSession [org.apache.ibatis.session.defaults.DefaultSqlSession@6b0325d0]
Creating a new SqlSession
SqlSession [org.apache.ibatis.session.defaults.DefaultSqlSession@72a33316] was not registered for synchronization because synchronization is not active
JDBC Connection [HikariProxyConnection@92262027 wrapping conn0: url=jdbc:h2:mem:jingdui user=SA] will not be managed by Spring
==>  Preparing: INSERT INTO team_posts ( id, competition_id, author_id, title, description, required_skills, contact, deadline, need_count, current_count, status, created_at ) VALUES ( ?, ?, ?, ?, ?, ?, ?, ?, ?, ?, ?, ? )
==> Parameters: 8(Long), 8(Long), 2(Long), 计算机设计大赛：校园二手交易平台(String), 项目是一个专注于校园场景的二手交易小程序，特色功能包括：基于图像识别的商品自动分类、基于位置的就近推荐、基于信誉体系的用户信用评分。目前已完成需求分析和原型设计，寻后端开发（Spring Boot）和算法（推荐系统）各1人。(String), Spring Boot,小程序开发,推荐算法,MySQL(String), 微信: lisi_miniprogram(String), 2026-08-10(LocalDate), 2(Integer), 1(Integer), 0(Integer), 2026-08-10T01:06:59.080258600(LocalDateTime)
<==    Updates: 1
Closing non transactional SqlSession [org.apache.ibatis.session.defaults.DefaultSqlSession@72a33316]
Creating a new SqlSession
SqlSession [org.apache.ibatis.session.defaults.DefaultSqlSession@77204651] was not registered for synchronization because synchronization is not active
JDBC Connection [HikariProxyConnection@1372365655 wrapping conn0: url=jdbc:h2:mem:jingdui user=SA] will not be managed by Spring
==>  Preparing: INSERT INTO team_posts ( id, competition_id, author_id, title, description, required_skills, contact, deadline, need_count, current_count, status, created_at ) VALUES ( ?, ?, ?, ?, ?, ?, ?, ?, ?, ?, ?, ? )
==> Parameters: 9(Long), 12(Long), 1(Long), ROBOCON战队招新，寻找机械和控制方向(String), 清华大学ROBOCON战队是传统强队，多次获得全国一等奖。今年赛题已公布，机械组和控制组各需补充1人。机械方向要求熟练SolidWorks，有加工经验；控制方向要求熟悉PID和运动控制，有ROS或单片机开发经验。(String), SolidWorks,机械设计,PID控制,ROS,STM32(String), 微信: zhangsan_robot(String), 2026-09-20(LocalDate), 2(Integer), 4(Integer), 0(Integer), 2026-08-10T01:06:59.080258600(LocalDateTime)
<==    Updates: 1
Closing non transactional SqlSession [org.apache.ibatis.session.defaults.DefaultSqlSession@77204651]
Creating a new SqlSession
SqlSession [org.apache.ibatis.session.defaults.DefaultSqlSession@3a9c11fb] was not registered for synchronization because synchronization is not active
JDBC Connection [HikariProxyConnection@1097632693 wrapping conn0: url=jdbc:h2:mem:jingdui user=SA] will not be managed by Spring
==>  Preparing: INSERT INTO team_posts ( id, competition_id, author_id, title, description, required_skills, contact, deadline, need_count, current_count, status, created_at ) VALUES ( ?, ?, ?, ?, ?, ?, ?, ?, ?, ?, ?, ? )
==> Parameters: 10(Long), 5(Long), 3(Long), 英语演讲比赛训练小组(String), 大四数学系（别惊讶），曾获全国大学生英语竞赛特等奖，英语口语流利。今年尝试英语演讲比赛，想找2-3名同样备战外研社杯的同学组一个训练小组，每周1-2次模拟演讲和互相点评。不一定组队参赛（比赛是个人赛），但可以互相督促、共同进步。(String), 英语口语,演讲技巧,辩论经验(String), 微信: wangwu_english(String), 2026-11-15(LocalDate), 3(Integer), 1(Integer), 0(Integer), 2026-08-10T01:06:59.080258600(LocalDateTime)
<==    Updates: 1
Closing non transactional SqlSession [org.apache.ibatis.session.defaults.DefaultSqlSession@3a9c11fb]
2026-08-10T01:06:59.141+08:00  INFO 46860 --- [           main] com.jingdui.config.DataInitializer       : 已插入 10 条组队帖数据
2026-08-10T01:07:32.903+08:00  INFO 46860 --- [nio-8080-exec-1] o.a.c.c.C.[Tomcat].[localhost].[/]       : Initializing Spring DispatcherServlet 'dispatcherServlet'
2026-08-10T01:07:32.903+08:00  INFO 46860 --- [nio-8080-exec-1] o.s.web.servlet.DispatcherServlet        : Initializing Servlet 'dispatcherServlet'
2026-08-10T01:07:32.904+08:00  INFO 46860 --- [nio-8080-exec-1] o.s.web.servlet.DispatcherServlet        : Completed initialization in 1 ms
Creating a new SqlSession
SqlSession [org.apache.ibatis.session.defaults.DefaultSqlSession@5ba89e7f] was not registered for synchronization because synchronization is not active
JDBC Connection [HikariProxyConnection@1069818732 wrapping conn0: url=jdbc:h2:mem:jingdui user=SA] will not be managed by Spring
==>  Preparing: SELECT COUNT( * ) AS total FROM users WHERE (name = ?)
==> Parameters: testuser2(String)
<==    Columns: TOTAL
<==        Row: 0
<==      Total: 1
Closing non transactional SqlSession [org.apache.ibatis.session.defaults.DefaultSqlSession@5ba89e7f]
Creating a new SqlSession
SqlSession [org.apache.ibatis.session.defaults.DefaultSqlSession@66fa8aed] was not registered for synchronization because synchronization is not active
JDBC Connection [HikariProxyConnection@1431532940 wrapping conn0: url=jdbc:h2:mem:jingdui user=SA] will not be managed by Spring
==>  Preparing: INSERT INTO users ( name, password_hash ) VALUES ( ?, ? )
==> Parameters: testuser2(String), $2a$10$pBPnHAy3zxzv5Pcng1GObuw7Vd1.5JSyd.bEYBD8nM.xOYmlqa11q(String)
<==    Updates: 1
Closing non transactional SqlSession [org.apache.ibatis.session.defaults.DefaultSqlSession@66fa8aed]
Creating a new SqlSession
SqlSession [org.apache.ibatis.session.defaults.DefaultSqlSession@4a34ddad] was not registered for synchronization because synchronization is not active
JDBC Connection [HikariProxyConnection@1888954015 wrapping conn0: url=jdbc:h2:mem:jingdui user=SA] will not be managed by Spring
==>  Preparing: SELECT id,name,password_hash,avatar,school,major,grade,bio,skills,created_at FROM users WHERE id=?
==> Parameters: 4(Long)
<==    Columns: ID, NAME, PASSWORD_HASH, AVATAR, SCHOOL, MAJOR, GRADE, BIO, SKILLS, CREATED_AT
<==        Row: 4, testuser2, $2a$10$pBPnHAy3zxzv5Pcng1GObuw7Vd1.5JSyd.bEYBD8nM.xOYmlqa11q, null, null, null, null, null, null, 2026-08-10 01:07:33.070243
<==      Total: 1
Closing non transactional SqlSession [org.apache.ibatis.session.defaults.DefaultSqlSession@4a34ddad]
2026-08-10T01:07:43.304+08:00 ERROR 46860 --- [nio-8080-exec-5] c.jingdui.common.GlobalExceptionHandler  : 系统异常

org.springframework.http.converter.HttpMessageConversionException: Type definition error: [simple type, class java.time.LocalDateTime]
	at org.springframework.http.converter.json.AbstractJackson2HttpMessageConverter.writeInternal(AbstractJackson2HttpMessageConverter.java:489) ~[spring-web-6.1.8.jar:6.1.8]
	at org.springframework.http.converter.AbstractGenericHttpMessageConverter.write(AbstractGenericHttpMessageConverter.java:114) ~[spring-web-6.1.8.jar:6.1.8]
	at org.springframework.web.servlet.mvc.method.annotation.AbstractMessageConverterMethodProcessor.writeWithMessageConverters(AbstractMessageConverterMethodProcessor.java:297) ~[spring-webmvc-6.1.8.jar:6.1.8]
	at org.springframework.web.servlet.mvc.method.annotation.RequestResponseBodyMethodProcessor.handleReturnValue(RequestResponseBodyMethodProcessor.java:192) ~[spring-webmvc-6.1.8.jar:6.1.8]
	at org.springframework.web.method.support.HandlerMethodReturnValueHandlerComposite.handleReturnValue(HandlerMethodReturnValueHandlerComposite.java:78) ~[spring-web-6.1.8.jar:6.1.8]
	at org.springframework.web.servlet.mvc.method.annotation.ServletInvocableHandlerMethod.invokeAndHandle(ServletInvocableHandlerMethod.java:136) ~[spring-webmvc-6.1.8.jar:6.1.8]
	at org.springframework.web.servlet.mvc.method.annotation.RequestMappingHandlerAdapter.invokeHandlerMethod(RequestMappingHandlerAdapter.java:926) ~[spring-webmvc-6.1.8.jar:6.1.8]
	at org.springframework.web.servlet.mvc.method.annotation.RequestMappingHandlerAdapter.handleInternal(RequestMappingHandlerAdapter.java:831) ~[spring-webmvc-6.1.8.jar:6.1.8]
	at org.springframework.web.servlet.mvc.method.AbstractHandlerMethodAdapter.handle(AbstractHandlerMethodAdapter.java:87) ~[spring-webmvc-6.1.8.jar:6.1.8]
	at org.springframework.web.servlet.DispatcherServlet.doDispatch(DispatcherServlet.java:1089) ~[spring-webmvc-6.1.8.jar:6.1.8]
	at org.springframework.web.servlet.DispatcherServlet.doService(DispatcherServlet.java:979) ~[spring-webmvc-6.1.8.jar:6.1.8]
	at org.springframework.web.servlet.FrameworkServlet.processRequest(FrameworkServlet.java:1014) ~[spring-webmvc-6.1.8.jar:6.1.8]
	at org.springframework.web.servlet.FrameworkServlet.doGet(FrameworkServlet.java:903) ~[spring-webmvc-6.1.8.jar:6.1.8]
	at jakarta.servlet.http.HttpServlet.service(HttpServlet.java:564) ~[tomcat-embed-core-10.1.24.jar:6.0]
	at org.springframework.web.servlet.FrameworkServlet.service(FrameworkServlet.java:885) ~[spring-webmvc-6.1.8.jar:6.1.8]
	at jakarta.servlet.http.HttpServlet.service(HttpServlet.java:658) ~[tomcat-embed-core-10.1.24.jar:6.0]
	at org.apache.catalina.core.ApplicationFilterChain.internalDoFilter(ApplicationFilterChain.java:195) ~[tomcat-embed-core-10.1.24.jar:10.1.24]
	at org.apache.catalina.core.ApplicationFilterChain.doFilter(ApplicationFilterChain.java:140) ~[tomcat-embed-core-10.1.24.jar:10.1.24]
	at org.apache.tomcat.websocket.server.WsFilter.doFilter(WsFilter.java:51) ~[tomcat-embed-websocket-10.1.24.jar:10.1.24]
	at org.apache.catalina.core.ApplicationFilterChain.internalDoFilter(ApplicationFilterChain.java:164) ~[tomcat-embed-core-10.1.24.jar:10.1.24]
	at org.apache.catalina.core.ApplicationFilterChain.doFilter(ApplicationFilterChain.java:140) ~[tomcat-embed-core-10.1.24.jar:10.1.24]
	at org.springframework.web.filter.CorsFilter.doFilterInternal(CorsFilter.java:91) ~[spring-web-6.1.8.jar:6.1.8]
	at org.springframework.web.filter.OncePerRequestFilter.doFilter(OncePerRequestFilter.java:116) ~[spring-web-6.1.8.jar:6.1.8]
	at org.apache.catalina.core.ApplicationFilterChain.internalDoFilter(ApplicationFilterChain.java:164) ~[tomcat-embed-core-10.1.24.jar:10.1.24]
	at org.apache.catalina.core.ApplicationFilterChain.doFilter(ApplicationFilterChain.java:140) ~[tomcat-embed-core-10.1.24.jar:10.1.24]
	at org.springframework.web.filter.RequestContextFilter.doFilterInternal(RequestContextFilter.java:100) ~[spring-web-6.1.8.jar:6.1.8]
	at org.springframework.web.filter.OncePerRequestFilter.doFilter(OncePerRequestFilter.java:116) ~[spring-web-6.1.8.jar:6.1.8]
	at org.apache.catalina.core.ApplicationFilterChain.internalDoFilter(ApplicationFilterChain.java:164) ~[tomcat-embed-core-10.1.24.jar:10.1.24]
	at org.apache.catalina.core.ApplicationFilterChain.doFilter(ApplicationFilterChain.java:140) ~[tomcat-embed-core-10.1.24.jar:10.1.24]
	at org.springframework.web.filter.FormContentFilter.doFilterInternal(FormContentFilter.java:93) ~[spring-web-6.1.8.jar:6.1.8]
	at org.springframework.web.filter.OncePerRequestFilter.doFilter(OncePerRequestFilter.java:116) ~[spring-web-6.1.8.jar:6.1.8]
	at org.apache.catalina.core.ApplicationFilterChain.internalDoFilter(ApplicationFilterChain.java:164) ~[tomcat-embed-core-10.1.24.jar:10.1.24]
	at org.apache.catalina.core.ApplicationFilterChain.doFilter(ApplicationFilterChain.java:140) ~[tomcat-embed-core-10.1.24.jar:10.1.24]
	at org.springframework.web.filter.CharacterEncodingFilter.doFilterInternal(CharacterEncodingFilter.java:201) ~[spring-web-6.1.8.jar:6.1.8]
	at org.springframework.web.filter.OncePerRequestFilter.doFilter(OncePerRequestFilter.java:116) ~[spring-web-6.1.8.jar:6.1.8]
	at org.apache.catalina.core.ApplicationFilterChain.internalDoFilter(ApplicationFilterChain.java:164) ~[tomcat-embed-core-10.1.24.jar:10.1.24]
	at org.apache.catalina.core.ApplicationFilterChain.doFilter(ApplicationFilterChain.java:140) ~[tomcat-embed-core-10.1.24.jar:10.1.24]
	at org.apache.catalina.core.StandardWrapperValve.invoke(StandardWrapperValve.java:167) ~[tomcat-embed-core-10.1.24.jar:10.1.24]
	at org.apache.catalina.core.StandardContextValve.invoke(StandardContextValve.java:90) ~[tomcat-embed-core-10.1.24.jar:10.1.24]
	at org.apache.catalina.authenticator.AuthenticatorBase.invoke(AuthenticatorBase.java:482) ~[tomcat-embed-core-10.1.24.jar:10.1.24]
	at org.apache.catalina.core.StandardHostValve.invoke(StandardHostValve.java:115) ~[tomcat-embed-core-10.1.24.jar:10.1.24]
	at org.apache.catalina.valves.ErrorReportValve.invoke(ErrorReportValve.java:93) ~[tomcat-embed-core-10.1.24.jar:10.1.24]
	at org.apache.catalina.core.StandardEngineValve.invoke(StandardEngineValve.java:74) ~[tomcat-embed-core-10.1.24.jar:10.1.24]
	at org.apache.catalina.connector.CoyoteAdapter.service(CoyoteAdapter.java:344) ~[tomcat-embed-core-10.1.24.jar:10.1.24]
	at org.apache.coyote.http11.Http11Processor.service(Http11Processor.java:389) ~[tomcat-embed-core-10.1.24.jar:10.1.24]
	at org.apache.coyote.AbstractProcessorLight.process(AbstractProcessorLight.java:63) ~[tomcat-embed-core-10.1.24.jar:10.1.24]
	at org.apache.coyote.AbstractProtocol$ConnectionHandler.process(AbstractProtocol.java:896) ~[tomcat-embed-core-10.1.24.jar:10.1.24]
	at org.apache.tomcat.util.net.NioEndpoint$SocketProcessor.doRun(NioEndpoint.java:1741) ~[tomcat-embed-core-10.1.24.jar:10.1.24]
	at org.apache.tomcat.util.net.SocketProcessorBase.run(SocketProcessorBase.java:52) ~[tomcat-embed-core-10.1.24.jar:10.1.24]
	at org.apache.tomcat.util.threads.ThreadPoolExecutor.runWorker(ThreadPoolExecutor.java:1190) ~[tomcat-embed-core-10.1.24.jar:10.1.24]
	at org.apache.tomcat.util.threads.ThreadPoolExecutor$Worker.run(ThreadPoolExecutor.java:659) ~[tomcat-embed-core-10.1.24.jar:10.1.24]
	at org.apache.tomcat.util.threads.TaskThread$WrappingRunnable.run(TaskThread.java:63) ~[tomcat-embed-core-10.1.24.jar:10.1.24]
	at java.base/java.lang.Thread.run(Thread.java:840) ~[na:na]
Caused by: com.fasterxml.jackson.databind.exc.InvalidDefinitionException: Java 8 date/time type `java.time.LocalDateTime` not supported by default: add Module "com.fasterxml.jackson.datatype:jackson-datatype-jsr310" to enable handling (through reference chain: com.jingdui.common.Result["data"]->com.jingdui.entity.User["createdAt"])
	at com.fasterxml.jackson.databind.exc.InvalidDefinitionException.from(InvalidDefinitionException.java:77) ~[jackson-databind-2.17.1.jar:2.17.1]
	at com.fasterxml.jackson.databind.SerializerProvider.reportBadDefinition(SerializerProvider.java:1330) ~[jackson-databind-2.17.1.jar:2.17.1]
	at com.fasterxml.jackson.databind.ser.impl.UnsupportedTypeSerializer.serialize(UnsupportedTypeSerializer.java:35) ~[jackson-databind-2.17.1.jar:2.17.1]
	at com.fasterxml.jackson.databind.ser.BeanPropertyWriter.serializeAsField(BeanPropertyWriter.java:732) ~[jackson-databind-2.17.1.jar:2.17.1]
	at com.fasterxml.jackson.databind.ser.std.BeanSerializerBase.serializeFields(BeanSerializerBase.java:770) ~[jackson-databind-2.17.1.jar:2.17.1]
	at com.fasterxml.jackson.databind.ser.BeanSerializer.serialize(BeanSerializer.java:183) ~[jackson-databind-2.17.1.jar:2.17.1]
	at com.fasterxml.jackson.databind.ser.BeanPropertyWriter.serializeAsField(BeanPropertyWriter.java:732) ~[jackson-databind-2.17.1.jar:2.17.1]
	at com.fasterxml.jackson.databind.ser.std.BeanSerializerBase.serializeFields(BeanSerializerBase.java:770) ~[jackson-databind-2.17.1.jar:2.17.1]
	at com.fasterxml.jackson.databind.ser.BeanSerializer.serialize(BeanSerializer.java:183) ~[jackson-databind-2.17.1.jar:2.17.1]
	at com.fasterxml.jackson.databind.ser.DefaultSerializerProvider._serialize(DefaultSerializerProvider.java:502) ~[jackson-databind-2.17.1.jar:2.17.1]
	at com.fasterxml.jackson.databind.ser.DefaultSerializerProvider.serializeValue(DefaultSerializerProvider.java:341) ~[jackson-databind-2.17.1.jar:2.17.1]
	at com.fasterxml.jackson.databind.ObjectWriter$Prefetch.serialize(ObjectWriter.java:1574) ~[jackson-databind-2.17.1.jar:2.17.1]
	at com.fasterxml.jackson.databind.ObjectWriter.writeValue(ObjectWriter.java:1061) ~[jackson-databind-2.17.1.jar:2.17.1]
	at org.springframework.http.converter.json.AbstractJackson2HttpMessageConverter.writeInternal(AbstractJackson2HttpMessageConverter.java:483) ~[spring-web-6.1.8.jar:6.1.8]
	... 52 common frames omitted

[INFO] ------------------------------------------------------------------------
[INFO] BUILD FAILURE
[INFO] ------------------------------------------------------------------------
[INFO] Total time:  01:13 min
[INFO] Finished at: 2026-08-10T01:08:02+08:00
[INFO] ------------------------------------------------------------------------
[ERROR] Failed to execute goal org.springframework.boot:spring-boot-maven-plugin:3.3.0:run (default-cli) on project competition-platform: Process terminated with exit code: -1 -> [Help 1]
[ERROR] 
[ERROR] To see the full stack trace of the errors, re-run Maven with the -e switch.
[ERROR] Re-run Maven using the -X switch to enable full debug logging.
[ERROR] 
[ERROR] For more information about the errors and possible solutions, please read the following articles:
[ERROR] [Help 1] http://cwiki.apache.org/confluence/display/MAVEN/MojoExecutionException
